      C:\Program Files (x86)\Windows Kits\10\Include\10.0.26100.0\um\wincodec.h(123,36):                                      see declaration of 'hre::text::IWICColorContext'                                                                                                                                                                                          C:\Program Files (x86)\Windows Kits\10\Include\10.0.26100.0\um\wincodec.h(2863,33): error C2504: 'IWICBitmapSource': ba se class undefined [C:\Users\rehan\Documents\projects\Hyperion\build\engine\hre.vcxproj]                                  (compiling source file '../../engine/src/render/painter.cpp')                                                                                                                                                                                 C:\Program Files (x86)\Windows Kits\10\Include\10.0.26100.0\um\wincodec.h(4933,5): error C2371: 'hre::text::IWICBitmapF rameDecode': redefinition; different basic types [C:\Users\rehan\Documents\projects\Hyperion\build\engine\hre.vcxproj]    (compiling source file '../../engine/src/render/painter.cpp')                                                               C:\Program Files (x86)\Windows Kits\10\Include\10.0.26100.0\um\wincodec.h(228,41):                                      see declaration of 'hre::text::IWICBitmapFrameDecode'                                                                                                                                                                                     C:\Program Files (x86)\Windows Kits\10\Include\10.0.26100.0\um\wincodec.h(7676,5): error C2371: 'hre::text::IWICImaging Factory': redefinition; different basic types [C:\Users\rehan\Documents\projects\Hyperion\build\engine\hre.vcxproj]       (compiling source file '../../engine/src/render/painter.cpp')                                                               C:\Program Files (x86)\Windows Kits\10\Include\10.0.26100.0\um\wincodec.h(340,38):                                      see declaration of 'hre::text::IWICImagingFactory'                                                                                                                                                                                        C:\Program Files (x86)\Windows Kits\10\Include\10.0.26100.0\um\wincodec.h(8121,34): error C2504: 'IWICImagingFactory':  base class undefined [C:\Users\rehan\Documents\projects\Hyperion\build\engine\hre.vcxproj]                                (compiling source file '../../engine/src/render/painter.cpp')                                                                                                                                                                                 C:\Program Files (x86)\Windows Kits\10\Include\10.0.26100.0\um\wincodec.h(9089,29): error C2504: 'IWICBitmapFrameDecode ': base class undefined [C:\Users\rehan\Documents\projects\Hyperion\build\engine\hre.vcxproj]                             (compiling source file '../../engine/src/render/painter.cpp')                                                                                                                                                                                 F:\donotdellete\VC\Tools\MSVC\14.51.36231\include\__msvc_heap_algorithms.hpp(23,20): error C7568: argument list missing  after assumed function template '_Iter_diff_t' [C:\Users\rehan\Documents\projects\Hyperion\build\engine\hre.vcxproj]     (compiling source file '../../engine/src/render/painter.cpp')                                                                                                                                                                                 F:\donotdellete\VC\Tools\MSVC\14.51.36231\include\__msvc_heap_algorithms.hpp(23,48): error C7568: argument list missing  after assumed function template '_Iter_diff_t' [C:\Users\rehan\Documents\projects\Hyperion\build\engine\hre.vcxproj]     (compiling source file '../../engine/src/render/painter.cpp')                                                                                                                                                                                 F:\donotdellete\VC\Tools\MSVC\14.51.36231\include\__msvc_heap_algorithms.hpp(25,19): error C2187: syntax error: 'newlin e' was unexpected here [C:\Users\rehan\Documents\projects\Hyperion\build\engine\hre.vcxproj]                              (compiling source file '../../engine/src/render/painter.cpp')                                                                                                                                                                                 F:\donotdellete\VC\Tools\MSVC\14.51.36231\include\__msvc_heap_algorithms.hpp(42,26): error C2187: syntax error: 'newlin e' was unexpected here [C:\Users\rehan\Documents\projects\Hyperion\build\engine\hre.vcxproj]                              (compiling source file '../../engine/src/render/painter.cpp')                                                                                                                                                                                 F:\donotdellete\VC\Tools\MSVC\14.51.36231\include\__msvc_heap_algorithms.hpp(45,31): error C3878: syntax error: unexpec ted token '_Val' following 'expression' [C:\Users\rehan\Documents\projects\Hyperion\build\engine\hre.vcxproj]             (compiling source file '../../engine/src/render/painter.cpp')                                                                                                                                                                                 F:\donotdellete\VC\Tools\MSVC\14.51.36231\include\__msvc_heap_algorithms.hpp(45,55): error C2760: syntax error: ')' was  unexpected here; expected ';' [C:\Users\rehan\Documents\projects\Hyperion\build\engine\hre.vcxproj]                      (compiling source file '../../engine/src/render/painter.cpp')                                                                                                                                                                                 F:\donotdellete\VC\Tools\MSVC\14.51.36231\include\__msvc_heap_algorithms.hpp(45,55): error C3878: syntax error: unexpec ted token ')' following 'expression-statement' [C:\Users\rehan\Documents\projects\Hyperion\build\engine\hre.vcxproj]      (compiling source file '../../engine/src/render/painter.cpp')                                                                                                                                                                                 F:\donotdellete\VC\Tools\MSVC\14.51.36231\include\__msvc_heap_algorithms.hpp(45,55): error C3878: syntax error: unexpec ted token ')' following 'statement' [C:\Users\rehan\Documents\projects\Hyperion\build\engine\hre.vcxproj]                 (compiling source file '../../engine/src/render/painter.cpp')                                                                                                                                                                                 F:\donotdellete\VC\Tools\MSVC\14.51.36231\include\__msvc_heap_algorithms.hpp(45,55): error C3878: syntax error: unexpec ted token ')' following 'statement-seq' [C:\Users\rehan\Documents\projects\Hyperion\build\engine\hre.vcxproj]             (compiling source file '../../engine/src/render/painter.cpp')                                                               F:\donotdellete\VC\Tools\MSVC\14.51.36231\include\__msvc_heap_algorithms.hpp(45,55):                                    missing one of:  '}' ?                                                                                                                                                                                                                    F:\donotdellete\VC\Tools\MSVC\14.51.36231\include\__msvc_heap_algorithms.hpp(45,55): error C2760: syntax error: ')' was  unexpected here; expected '}' [C:\Users\rehan\Documents\projects\Hyperion\build\engine\hre.vcxproj]                      (compiling source file '../../engine/src/render/painter.cpp')                                                                                                                                                                                 F:\donotdellete\VC\Tools\MSVC\14.51.36231\include\__msvc_heap_algorithms.hpp(45,55): error C3878: syntax error: unexpec ted token ')' following 'compound-statement' [C:\Users\rehan\Documents\projects\Hyperion\build\engine\hre.vcxproj]        (compiling source file '../../engine/src/render/painter.cpp')                                                                                                                                                                                 F:\donotdellete\VC\Tools\MSVC\14.51.36231\include\__msvc_heap_algorithms.hpp(45,55): error C3878: syntax error: unexpec ted token ')' following 'selection-statement' [C:\Users\rehan\Documents\projects\Hyperion\build\engine\hre.vcxproj]       (compiling source file '../../engine/src/render/painter.cpp')                                                                                                                                                                                 F:\donotdellete\VC\Tools\MSVC\14.51.36231\include\__msvc_heap_algorithms.hpp(46,73): error C2065: '_Val': undeclared id entifier [C:\Users\rehan\Documents\projects\Hyperion\build\engine\hre.vcxproj]                                            (compiling source file '../../engine/src/render/painter.cpp')                                                                                                                                                                                 F:\donotdellete\VC\Tools\MSVC\14.51.36231\include\__msvc_heap_algorithms.hpp(53,41): error C2760: syntax error: '{' was  unexpected here; expected ')' [C:\Users\rehan\Documents\projects\Hyperion\build\engine\hre.vcxproj]                      (compiling source file '../../engine/src/render/painter.cpp')                                                                                                                                                                                 F:\donotdellete\VC\Tools\MSVC\14.51.36231\include\__msvc_heap_algorithms.hpp(53,42): error C2760: syntax error: '}' was  unexpected here; expected ';' [C:\Users\rehan\Documents\projects\Hyperion\build\engine\hre.vcxproj]                      (compiling source file '../../engine/src/render/painter.cpp')                                                                                                                                                                                 F:\donotdellete\VC\Tools\MSVC\14.51.36231\include\__msvc_heap_algorithms.hpp(58,20): error C7568: argument list missing  after assumed function template '_Iter_diff_t' [C:\Users\rehan\Documents\projects\Hyperion\build\engine\hre.vcxproj]     (compiling source file '../../engine/src/render/painter.cpp')                                                                                                                                                                                 F:\donotdellete\VC\Tools\MSVC\14.51.36231\include\__msvc_heap_algorithms.hpp(58,48): error C7568: argument list missing  after assumed function template '_Iter_diff_t' [C:\Users\rehan\Documents\projects\Hyperion\build\engine\hre.vcxproj]     (compiling source file '../../engine/src/render/painter.cpp')                                                                                                                                                                                 F:\donotdellete\VC\Tools\MSVC\14.51.36231\include\__msvc_heap_algorithms.hpp(62,24): error C2187: syntax error: 'newlin e' was unexpected here [C:\Users\rehan\Documents\projects\Hyperion\build\engine\hre.vcxproj]                              (compiling source file '../../engine/src/render/painter.cpp')                                                                                                                                                                                 F:\donotdellete\VC\Tools\MSVC\14.51.36231\include\__msvc_heap_algorithms.hpp(92,19): error C2187: syntax error: 'newlin e' was unexpected here [C:\Users\rehan\Documents\projects\Hyperion\build\engine\hre.vcxproj]                              (compiling source file '../../engine/src/render/painter.cpp')                                                                                                                                                                                 F:\donotdellete\VC\Tools\MSVC\14.51.36231\include\__msvc_heap_algorithms.hpp(102,31): error C3878: syntax error: unexpe cted token '_Val' following 'expression' [C:\Users\rehan\Documents\projects\Hyperion\build\engine\hre.vcxproj]            (compiling source file '../../engine/src/render/painter.cpp')                                                                                                                                                                                 F:\donotdellete\VC\Tools\MSVC\14.51.36231\include\__msvc_heap_algorithms.hpp(102,52): error C2760: syntax error: ')' wa s unexpected here; expected ';' [C:\Users\rehan\Documents\projects\Hyperion\build\engine\hre.vcxproj]                     (compiling source file '../../engine/src/render/painter.cpp')                                                                                                                                                                                 F:\donotdellete\VC\Tools\MSVC\14.51.36231\include\__msvc_heap_algorithms.hpp(102,52): error C3878: syntax error: unexpe cted token ')' following 'expression-statement' [C:\Users\rehan\Documents\projects\Hyperion\build\engine\hre.vcxproj]     (compiling source file '../../engine/src/render/painter.cpp')                                                                                                                                                                                 F:\donotdellete\VC\Tools\MSVC\14.51.36231\include\__msvc_heap_algorithms.hpp(102,52): error C3878: syntax error: unexpe cted token ')' following 'statement' [C:\Users\rehan\Documents\projects\Hyperion\build\engine\hre.vcxproj]                (compiling source file '../../engine/src/render/painter.cpp')                                                                                                                                                                                 F:\donotdellete\VC\Tools\MSVC\14.51.36231\include\__msvc_heap_algorithms.hpp(102,52): error C3878: syntax error: unexpe cted token ')' following 'statement-seq' [C:\Users\rehan\Documents\projects\Hyperion\build\engine\hre.vcxproj]            (compiling source file '../../engine/src/render/painter.cpp')                                                               F:\donotdellete\VC\Tools\MSVC\14.51.36231\include\__msvc_heap_algorithms.hpp(102,52):                                   missing one of:  '}' ?                                                                                                                                                                                                                    F:\donotdellete\VC\Tools\MSVC\14.51.36231\include\__msvc_heap_algorithms.hpp(102,52): error C2760: syntax error: ')' wa s unexpected here; expected '}' [C:\Users\rehan\Documents\projects\Hyperion\build\engine\hre.vcxproj]                     (compiling source file '../../engine/src/render/painter.cpp')                                                                                                                                                                                 F:\donotdellete\VC\Tools\MSVC\14.51.36231\include\__msvc_heap_algorithms.hpp(102,52): error C3878: syntax error: unexpe cted token ')' following 'compound-statement' [C:\Users\rehan\Documents\projects\Hyperion\build\engine\hre.vcxproj]       (compiling source file '../../engine/src/render/painter.cpp')                                                                                                                                                                                 F:\donotdellete\VC\Tools\MSVC\14.51.36231\include\__msvc_heap_algorithms.hpp(102,52): error C3878: syntax error: unexpe cted token ')' following 'selection-statement' [C:\Users\rehan\Documents\projects\Hyperion\build\engine\hre.vcxproj]      (compiling source file '../../engine/src/render/painter.cpp')                                                                                                                                                                                 F:\donotdellete\VC\Tools\MSVC\14.51.36231\include\__msvc_heap_algorithms.hpp(103,71): error C2065: '_Val': undeclared i dentifier [C:\Users\rehan\Documents\projects\Hyperion\build\engine\hre.vcxproj]                                           (compiling source file '../../engine/src/render/painter.cpp')                                                                                                                                                                                 F:\donotdellete\VC\Tools\MSVC\14.51.36231\include\__msvc_heap_algorithms.hpp(111,10): error C2039: '_Pop_heap_unchecked ': is not a member of 'std' [C:\Users\rehan\Documents\projects\Hyperion\build\engine\hre.vcxproj]                         (compiling source file '../../engine/src/render/painter.cpp')                                                               F:\donotdellete\VC\Tools\MSVC\14.51.36231\include\functional(39,1):                                                     see declaration of 'std'                                                                                                                                                                                                                  F:\donotdellete\VC\Tools\MSVC\14.51.36231\include\__msvc_heap_algorithms.hpp(117,40): error C2760: syntax error: '{' wa s unexpected here; expected ')' [C:\Users\rehan\Documents\projects\Hyperion\build\engine\hre.vcxproj]                     (compiling source file '../../engine/src/render/painter.cpp')                                                                                                                                                                                 F:\donotdellete\VC\Tools\MSVC\14.51.36231\include\__msvc_heap_algorithms.hpp(117,41): error C2760: syntax error: '}' wa s unexpected here; expected ';' [C:\Users\rehan\Documents\projects\Hyperion\build\engine\hre.vcxproj]                     (compiling source file '../../engine/src/render/painter.cpp')                                                                                                                                                                                 F:\donotdellete\VC\Tools\MSVC\14.51.36231\include\__msvc_heap_algorithms.hpp(123,21): error C2187: syntax error: 'newli ne' was unexpected here [C:\Users\rehan\Documents\projects\Hyperion\build\engine\hre.vcxproj]                             (compiling source file '../../engine/src/render/painter.cpp')                                                                                                                                                                                 F:\donotdellete\VC\Tools\MSVC\14.51.36231\include\__msvc_heap_algorithms.hpp(128,31): error C3878: syntax error: unexpe cted token '_Val' following 'expression' [C:\Users\rehan\Documents\projects\Hyperion\build\engine\hre.vcxproj]            (compiling source file '../../engine/src/render/painter.cpp')                                                                                                                                                                                 F:\donotdellete\VC\Tools\MSVC\14.51.36231\include\__msvc_heap_algorithms.hpp(128,62): error C2760: syntax error: ')' wa s unexpected here; expected ';' [C:\Users\rehan\Documents\projects\Hyperion\build\engine\hre.vcxproj]                     (compiling source file '../../engine/src/render/painter.cpp')                                                                                                                                                                                 F:\donotdellete\VC\Tools\MSVC\14.51.36231\include\__msvc_heap_algorithms.hpp(128,62): error C3878: syntax error: unexpe cted token ')' following 'expression-statement' [C:\Users\rehan\Documents\projects\Hyperion\build\engine\hre.vcxproj]     (compiling source file '../../engine/src/render/painter.cpp')                                                                                                                                                                                 F:\donotdellete\VC\Tools\MSVC\14.51.36231\include\__msvc_heap_algorithms.hpp(129,72): error C2065: '_Val': undeclared i dentifier [C:\Users\rehan\Documents\projects\Hyperion\build\engine\hre.vcxproj]                                           (compiling source file '../../engine/src/render/painter.cpp')                                                                                                                                                                                 F:\donotdellete\VC\Tools\MSVC\14.51.36231\include\__msvc_heap_algorithms.hpp(136,10): error C2039: '_Make_heap_unchecke d': is not a member of 'std' [C:\Users\rehan\Documents\projects\Hyperion\build\engine\hre.vcxproj]                        (compiling source file '../../engine/src/render/painter.cpp')                                                               F:\donotdellete\VC\Tools\MSVC\14.51.36231\include\functional(39,1):                                                     see declaration of 'std'                                                                                                                                                                                                                  F:\donotdellete\VC\Tools\MSVC\14.51.36231\include\__msvc_heap_algorithms.hpp(141,41): error C2760: syntax error: '{' wa s unexpected here; expected ')' [C:\Users\rehan\Documents\projects\Hyperion\build\engine\hre.vcxproj]                     (compiling source file '../../engine/src/render/painter.cpp')                                                                                                                                                                                 F:\donotdellete\VC\Tools\MSVC\14.51.36231\include\__msvc_heap_algorithms.hpp(141,42): error C2760: syntax error: '}' wa s unexpected here; expected ';' [C:\Users\rehan\Documents\projects\Hyperion\build\engine\hre.vcxproj]                     (compiling source file '../../engine/src/render/painter.cpp')                                                                                                                                                                                 F:\donotdellete\VC\Tools\MSVC\14.51.36231\include\__msvc_int128.hpp(283,5): error C2061: syntax error: identifier 'inte gral' [C:\Users\rehan\Documents\projects\Hyperion\build\engine\hre.vcxproj]                                               (compiling source file '../../engine/src/render/painter.cpp')                                                                                                                                                                                 F:\donotdellete\VC\Tools\MSVC\14.51.36231\include\__msvc_int128.hpp(284,24): error C4430: missing type specifier - int  assumed. Note: C++ does not support default-int [C:\Users\rehan\Documents\projects\Hyperion\build\engine\hre.vcxproj]     (compiling source file '../../engine/src/render/painter.cpp')                                                                                                                                                                                 F:\donotdellete\VC\Tools\MSVC\14.51.36231\include\__msvc_int128.hpp(284,34): error C2146: syntax error: missing ')' bef ore identifier '_Val' [C:\Users\rehan\Documents\projects\Hyperion\build\engine\hre.vcxproj]                               (compiling source file '../../engine/src/render/painter.cpp')                                                                                                                                                                                 F:\donotdellete\VC\Tools\MSVC\14.51.36231\include\__msvc_int128.hpp(284,34): error C3646: '_Val': unknown override spec ifier [C:\Users\rehan\Documents\projects\Hyperion\build\engine\hre.vcxproj]                                               (compiling source file '../../engine/src/render/painter.cpp')                                                                                                                                                                                 F:\donotdellete\VC\Tools\MSVC\14.51.36231\include\__msvc_int128.hpp(284,38): error C2059: syntax error: ')' [C:\Users\r ehan\Documents\projects\Hyperion\build\engine\hre.vcxproj]                                                                (compiling source file '../../engine/src/render/painter.cpp')                                                                                                                                                                                 F:\donotdellete\VC\Tools\MSVC\14.51.36231\include\__msvc_int128.hpp(284,40): error C2988: unrecognizable template decla ration/definition [C:\Users\rehan\Documents\projects\Hyperion\build\engine\hre.vcxproj]                                   (compiling source file '../../engine/src/render/painter.cpp')                                                                                                                                                                                 F:\donotdellete\VC\Tools\MSVC\14.51.36231\include\__msvc_int128.hpp(284,40): error C2059: syntax error: 'noexcept' [C:\ Users\rehan\Documents\projects\Hyperion\build\engine\hre.vcxproj]                                                         (compiling source file '../../engine/src/render/painter.cpp')                                                                                                                                                                                 F:\donotdellete\VC\Tools\MSVC\14.51.36231\include\__msvc_int128.hpp(284,49): error C2334: unexpected token(s) preceding  ':'; skipping apparent function body [C:\Users\rehan\Documents\projects\Hyperion\build\engine\hre.vcxproj]               (compiling source file '../../engine/src/render/painter.cpp')                                                                                                                                                                                 F:\donotdellete\VC\Tools\MSVC\14.51.36231\include\__msvc_int128.hpp(1120,21): error C3856: 'numeric_limits': symbol is  not a class template [C:\Users\rehan\Documents\projects\Hyperion\build\engine\hre.vcxproj]                                (compiling source file '../../engine/src/render/painter.cpp')                                                                                                                                                                                 F:\donotdellete\VC\Tools\MSVC\14.51.36231\include\__msvc_int128.hpp(1120,22): error C2146: syntax error: missing ';' be fore identifier '_Unsigned128' [C:\Users\rehan\Documents\projects\Hyperion\build\engine\hre.vcxproj]                      (compiling source file '../../engine/src/render/painter.cpp')                                                                                                                                                                                 F:\donotdellete\VC\Tools\MSVC\14.51.36231\include\__msvc_int128.hpp(1120,7): error C2913: explicit specialization; 'hre ::text::std::numeric_limits' is not a specialization of a class template [C:\Users\rehan\Documents\projects\Hyperion\bu ild\engine\hre.vcxproj]                                                                                                   (compiling source file '../../engine/src/render/painter.cpp')                                                                                                                                                                                 F:\donotdellete\VC\Tools\MSVC\14.51.36231\include\__msvc_int128.hpp(1120,34): error C2059: syntax error: '>' [C:\Users\ rehan\Documents\projects\Hyperion\build\engine\hre.vcxproj]                                                               (compiling source file '../../engine/src/render/painter.cpp')                                                                                                                                                                                 F:\donotdellete\VC\Tools\MSVC\14.51.36231\include\__msvc_int128.hpp(1120,36): error C2334: unexpected token(s) precedin g ':'; skipping apparent function body [C:\Users\rehan\Documents\projects\Hyperion\build\engine\hre.vcxproj]              (compiling source file '../../engine/src/render/painter.cpp')                                                                                                                                                                                 F:\donotdellete\VC\Tools\MSVC\14.51.36231\include\__msvc_int128.hpp(67,14): error C3861: '_Is_constant_evaluated': iden tifier not found [C:\Users\rehan\Documents\projects\Hyperion\build\engine\hre.vcxproj]                                    (compiling source file '../../engine/src/render/painter.cpp')                                                                                                                                                                                 F:\donotdellete\VC\Tools\MSVC\14.51.36231\include\__msvc_int128.hpp(91,14): error C3861: '_Is_constant_evaluated': iden tifier not found [C:\Users\rehan\Documents\projects\Hyperion\build\engine\hre.vcxproj]                                    (compiling source file '../../engine/src/render/painter.cpp')                                                                                                                                                                                 F:\donotdellete\VC\Tools\MSVC\14.51.36231\include\__msvc_int128.hpp(106,14): error C3861: '_Is_constant_evaluated': ide ntifier not found [C:\Users\rehan\Documents\projects\Hyperion\build\engine\hre.vcxproj]                                   (compiling source file '../../engine/src/render/painter.cpp')                                                                                                                                                                                 F:\donotdellete\VC\Tools\MSVC\14.51.36231\include\__msvc_int128.hpp(120,14): error C3861: '_Is_constant_evaluated': ide ntifier not found [C:\Users\rehan\Documents\projects\Hyperion\build\engine\hre.vcxproj]                                   (compiling source file '../../engine/src/render/painter.cpp')                                                                                                                                                                                 F:\donotdellete\VC\Tools\MSVC\14.51.36231\include\__msvc_int128.hpp(158,14): error C3861: '_Is_constant_evaluated': ide ntifier not found [C:\Users\rehan\Documents\projects\Hyperion\build\engine\hre.vcxproj]                                   (compiling source file '../../engine/src/render/painter.cpp')                                                                                                                                                                                 F:\donotdellete\VC\Tools\MSVC\14.51.36231\include\__msvc_int128.hpp(238,14): error C3861: '_Is_constant_evaluated': ide ntifier not found [C:\Users\rehan\Documents\projects\Hyperion\build\engine\hre.vcxproj]                                   (compiling source file '../../engine/src/render/painter.cpp')                                                                                                                                                                                 F:\donotdellete\VC\Tools\MSVC\14.51.36231\include\__msvc_int128.hpp(243,26): error C3861: '_Countl_zero': identifier no t found [C:\Users\rehan\Documents\projects\Hyperion\build\engine\hre.vcxproj]                                             (compiling source file '../../engine/src/render/painter.cpp')                                                                                                                                                                                 F:\donotdellete\VC\Tools\MSVC\14.51.36231\include\__msvc_minmax.hpp(19,8): error C2059: syntax error: 'string' [C:\User s\rehan\Documents\projects\Hyperion\build\engine\hre.vcxproj]                                                             (compiling source file '../../engine/src/render/painter.cpp')                                                                                                                                                                                 F:\donotdellete\VC\Tools\MSVC\14.51.36231\include\__msvc_minmax.hpp(19,12): error C2143: syntax error: missing ';' befo re '{' [C:\Users\rehan\Documents\projects\Hyperion\build\engine\hre.vcxproj]                                              (compiling source file '../../engine/src/render/painter.cpp')                                                                                                                                                                                 F:\donotdellete\VC\Tools\MSVC\14.51.36231\include\__msvc_minmax.hpp(19,12): error C2447: '{': missing function header ( old-style formal list?) [C:\Users\rehan\Documents\projects\Hyperion\build\engine\hre.vcxproj]                             (compiling source file '../../engine/src/render/painter.cpp')                                                                                                                                                                                 F:\donotdellete\VC\Tools\MSVC\14.51.36231\include\algorithm(64,20): error C2143: syntax error: missing ';' before '__cd ecl' [C:\Users\rehan\Documents\projects\Hyperion\build\engine\hre.vcxproj]                                                (compiling source file '../../engine/src/render/painter.cpp')                                                                                                                                                                                 F:\donotdellete\VC\Tools\MSVC\14.51.36231\include\algorithm(64,1): error C4430: missing type specifier - int assumed. N ote: C++ does not support default-int [C:\Users\rehan\Documents\projects\Hyperion\build\engine\hre.vcxproj]               (compiling source file '../../engine/src/render/painter.cpp')                                                                                                                                                                                 F:\donotdellete\VC\Tools\MSVC\14.51.36231\include\algorithm(64,30): error C4430: missing type specifier - int assumed.  Note: C++ does not support default-int [C:\Users\rehan\Documents\projects\Hyperion\build\engine\hre.vcxproj]              (compiling source file '../../engine/src/render/painter.cpp')                                                                                                                                                                                 F:\donotdellete\VC\Tools\MSVC\14.51.36231\include\algorithm(65,20): error C2143: syntax error: missing ';' before '__cd ecl' [C:\Users\rehan\Documents\projects\Hyperion\build\engine\hre.vcxproj]                                                (compiling source file '../../engine/src/render/painter.cpp')                                                                                                                                                                                 F:\donotdellete\VC\Tools\MSVC\14.51.36231\include\algorithm(65,1): error C4430: missing type specifier - int assumed. N ote: C++ does not support default-int [C:\Users\rehan\Documents\projects\Hyperion\build\engine\hre.vcxproj]               (compiling source file '../../engine/src/render/painter.cpp')                                                                                                                                                                                 F:\donotdellete\VC\Tools\MSVC\14.51.36231\include\algorithm(65,1): error C2086: 'int hre::text::std::_Min_max_element_t ': redefinition [C:\Users\rehan\Documents\projects\Hyperion\build\engine\hre.vcxproj]                                     (compiling source file '../../engine/src/render/painter.cpp')                                                               F:\donotdellete\VC\Tools\MSVC\14.51.36231\include\algorithm(64,1):                                                      see declaration of 'hre::text::std::_Min_max_element_t'                                                                                                                                                                                   F:\donotdellete\VC\Tools\MSVC\14.51.36231\include\algorithm(65,30): error C4430: missing type specifier - int assumed.  Note: C++ does not support default-int [C:\Users\rehan\Documents\projects\Hyperion\build\engine\hre.vcxproj]              (compiling source file '../../engine/src/render/painter.cpp')                                                                                                                                                                                 F:\donotdellete\VC\Tools\MSVC\14.51.36231\include\algorithm(66,20): error C2143: syntax error: missing ';' before '__cd ecl' [C:\Users\rehan\Documents\projects\Hyperion\build\engine\hre.vcxproj]                                                (compiling source file '../../engine/src/render/painter.cpp')                                                                                                                                                                                 F:\donotdellete\VC\Tools\MSVC\14.51.36231\include\algorithm(66,1): error C4430: missing type specifier - int assumed. N ote: C++ does not support default-int [C:\Users\rehan\Documents\projects\Hyperion\build\engine\hre.vcxproj]               (compiling source file '../../engine/src/render/painter.cpp')                                                                                                                                                                                 F:\donotdellete\VC\Tools\MSVC\14.51.36231\include\algorithm(66,1): error C2086: 'int hre::text::std::_Min_max_element_t ': redefinition [C:\Users\rehan\Documents\projects\Hyperion\build\engine\hre.vcxproj]                                     (compiling source file '../../engine/src/render/painter.cpp')                                                               F:\donotdellete\VC\Tools\MSVC\14.51.36231\include\algorithm(64,1):                                                      see declaration of 'hre::text::std::_Min_max_element_t'                                                                                                                                                                                   F:\donotdellete\VC\Tools\MSVC\14.51.36231\include\algorithm(66,30): error C4430: missing type specifier - int assumed.  Note: C++ does not support default-int [C:\Users\rehan\Documents\projects\Hyperion\build\engine\hre.vcxproj]              (compiling source file '../../engine/src/render/painter.cpp')                                                                                                                                                                                 F:\donotdellete\VC\Tools\MSVC\14.51.36231\include\algorithm(67,20): error C2143: syntax error: missing ';' before '__cd ecl' [C:\Users\rehan\Documents\projects\Hyperion\build\engine\hre.vcxproj]                                                (compiling source file '../../engine/src/render/painter.cpp')                                                                                                                                                                                 F:\donotdellete\VC\Tools\MSVC\14.51.36231\include\algorithm(67,1): error C4430: missing type specifier - int assumed. N ote: C++ does not support default-int [C:\Users\rehan\Documents\projects\Hyperion\build\engine\hre.vcxproj]               (compiling source file '../../engine/src/render/painter.cpp')                                                                                                                                                                                 F:\donotdellete\VC\Tools\MSVC\14.51.36231\include\algorithm(67,1): error C2086: 'int hre::text::std::_Min_max_element_t ': redefinition [C:\Users\rehan\Documents\projects\Hyperion\build\engine\hre.vcxproj]                                     (compiling source file '../../engine/src/render/painter.cpp')                                                               F:\donotdellete\VC\Tools\MSVC\14.51.36231\include\algorithm(64,1):                                                      see declaration of 'hre::text::std::_Min_max_element_t'                                                                                                                                                                                   F:\donotdellete\VC\Tools\MSVC\14.51.36231\include\algorithm(67,30): error C4430: missing type specifier - int assumed.  Note: C++ does not support default-int [C:\Users\rehan\Documents\projects\Hyperion\build\engine\hre.vcxproj]              (compiling source file '../../engine/src/render/painter.cpp')                                                                                                                                                                                 F:\donotdellete\VC\Tools\MSVC\14.51.36231\include\algorithm(68,20): error C2143: syntax error: missing ';' before '__cd ecl' [C:\Users\rehan\Documents\projects\Hyperion\build\engine\hre.vcxproj]                                                (compiling source file '../../engine/src/render/painter.cpp')                                                                                                                                                                                 F:\donotdellete\VC\Tools\MSVC\14.51.36231\include\algorithm(68,1): error C4430: missing type specifier - int assumed. N ote: C++ does not support default-int [C:\Users\rehan\Documents\projects\Hyperion\build\engine\hre.vcxproj]               (compiling source file '../../engine/src/render/painter.cpp')                                                                                                                                                                                 F:\donotdellete\VC\Tools\MSVC\14.51.36231\include\algorithm(68,1): error C2086: 'int hre::text::std::_Min_max_element_t ': redefinition [C:\Users\rehan\Documents\projects\Hyperion\build\engine\hre.vcxproj]                                     (compiling source file '../../engine/src/render/painter.cpp')                                                               F:\donotdellete\VC\Tools\MSVC\14.51.36231\include\algorithm(64,1):                                                      see declaration of 'hre::text::std::_Min_max_element_t'                                                                                                                                                                                   F:\donotdellete\VC\Tools\MSVC\14.51.36231\include\algorithm(68,30): error C4430: missing type specifier - int assumed.  Note: C++ does not support default-int [C:\Users\rehan\Documents\projects\Hyperion\build\engine\hre.vcxproj]              (compiling source file '../../engine/src/render/painter.cpp')                                                                                                                                                                                 F:\donotdellete\VC\Tools\MSVC\14.51.36231\include\algorithm(69,20): error C2143: syntax error: missing ';' before '__cd ecl' [C:\Users\rehan\Documents\projects\Hyperion\build\engine\hre.vcxproj]                                                (compiling source file '../../engine/src/render/painter.cpp')                                                                                                                                                                                 F:\donotdellete\VC\Tools\MSVC\14.51.36231\include\algorithm(69,1): error C4430: missing type specifier - int assumed. N ote: C++ does not support default-int [C:\Users\rehan\Documents\projects\Hyperion\build\engine\hre.vcxproj]               (compiling source file '../../engine/src/render/painter.cpp')                                                                                                                                                                                 F:\donotdellete\VC\Tools\MSVC\14.51.36231\include\algorithm(69,1): error C2086: 'int hre::text::std::_Min_max_element_t ': redefinition [C:\Users\rehan\Documents\projects\Hyperion\build\engine\hre.vcxproj]                                     (compiling source file '../../engine/src/render/painter.cpp')                                                               F:\donotdellete\VC\Tools\MSVC\14.51.36231\include\algorithm(64,1):                                                      see declaration of 'hre::text::std::_Min_max_element_t'                                                                                                                                                                                   F:\donotdellete\VC\Tools\MSVC\14.51.36231\include\algorithm(69,30): error C4430: missing type specifier - int assumed.  Note: C++ does not support default-int [C:\Users\rehan\Documents\projects\Hyperion\build\engine\hre.vcxproj]              (compiling source file '../../engine/src/render/painter.cpp')                                                                                                                                                                                 F:\donotdellete\VC\Tools\MSVC\14.51.36231\include\algorithm(71,20): error C2143: syntax error: missing ';' before '__cd ecl' [C:\Users\rehan\Documents\projects\Hyperion\build\engine\hre.vcxproj]                                                (compiling source file '../../engine/src/render/painter.cpp')                                                                                                                                                                                 F:\donotdellete\VC\Tools\MSVC\14.51.36231\include\algorithm(71,1): error C4430: missing type specifier - int assumed. N ote: C++ does not support default-int [C:\Users\rehan\Documents\projects\Hyperion\build\engine\hre.vcxproj]               (compiling source file '../../engine/src/render/painter.cpp')                                                                                                                                                                                 F:\donotdellete\VC\Tools\MSVC\14.51.36231\include\algorithm(71,1): error C2086: 'int hre::text::std::_Min_max_element_t ': redefinition [C:\Users\rehan\Documents\projects\Hyperion\build\engine\hre.vcxproj]                                     (compiling source file '../../engine/src/render/painter.cpp')                                                               F:\donotdellete\VC\Tools\MSVC\14.51.36231\include\algorithm(64,1):                                                      see declaration of 'hre::text::std::_Min_max_element_t'                                                                                                                                                                                   F:\donotdellete\VC\Tools\MSVC\14.51.36231\include\algorithm(71,1): error C1003: error count exceeds 100; stopping compi lation [C:\Users\rehan\Documents\projects\Hyperion\build\engine\hre.vcxproj]                                              (compiling source file '../../engine/src/render/painter.cpp')                                                                                                                                                                                 C:\Users\rehan\Documents\projects\Hyperion\engine\src\render\text_render.cpp(62,40): error C2039: 'baseline': is not a  member of 'DWRITE_TEXT_METRICS' [C:\Users\rehan\Documents\projects\Hyperion\build\engine\hre.vcxproj]                         C:\Program Files (x86)\Windows Kits\10\Include\10.0.26100.0\um\dwrite.h(3326,8):                                        see declaration of 'DWRITE_TEXT_METRICS'                                                                                                                                                                                                  C:\Users\rehan\Documents\projects\Hyperion\engine\src\render\text_render.cpp(63,43): error C2039: 'glyphCount': is not  a member of 'DWRITE_TEXT_METRICS' [C:\Users\rehan\Documents\projects\Hyperion\build\engine\hre.vcxproj]                       C:\Program Files (x86)\Windows Kits\10\Include\10.0.26100.0\um\dwrite.h(3326,8):                                        see declaration of 'DWRITE_TEXT_METRICS'                                                                                                                                                                                                  C:\Users\rehan\Documents\projects\Hyperion\engine\src\render\text_render.cpp(105,14): error C2039: 'DrawTextW': is not  a member of 'ID2D1DeviceContext5' [C:\Users\rehan\Documents\projects\Hyperion\build\engine\hre.vcxproj]                       C:\Program Files (x86)\Windows Kits\10\Include\10.0.26100.0\um\d2d1_3.h(1597,72):                                       see declaration of 'ID2D1DeviceContext5'                                                                                                                                                                                                  C:\Users\rehan\Documents\projects\Hyperion\engine\src\render\text_render.cpp(180,25): error C2039: 'advance': is not a  member of 'DWRITE_GLYPH_METRICS' [C:\Users\rehan\Documents\projects\Hyperion\build\engine\hre.vcxproj]                        C:\Program Files (x86)\Windows Kits\10\Include\10.0.26100.0\um\dwrite.h(551,8):                                         see declaration of 'DWRITE_GLYPH_METRICS'                                                                                                                                                                                                 C:\Users\rehan\Documents\projects\Hyperion\engine\include\hre\style\style_engine.hpp(73,56): error C2039: 'selector': i s not a member of 'hre::css' [C:\Users\rehan\Documents\projects\Hyperion\build\engine\hre.vcxproj]                        (compiling source file '../../engine/src/render/display_list.cpp')                                                          C:\Users\rehan\Documents\projects\Hyperion\engine\include\hre\css\css_parser.hpp(8,11):                                 see declaration of 'hre::css'                                                                                                                                                                                                             C:\Users\rehan\Documents\projects\Hyperion\engine\include\hre\style\style_engine.hpp(73,45): error C4430: missing type  specifier - int assumed. Note: C++ does not support default-int [C:\Users\rehan\Documents\projects\Hyperion\build\engin e\hre.vcxproj]                                                                                                            (compiling source file '../../engine/src/render/display_list.cpp')                                                                                                                                                                            C:\Users\rehan\Documents\projects\Hyperion\engine\include\hre\style\style_engine.hpp(73,64): error C2143: syntax error:  missing ',' before '&' [C:\Users\rehan\Documents\projects\Hyperion\build\engine\hre.vcxproj]                             (compiling source file '../../engine/src/render/display_list.cpp')                                                                                                                                                                            C:\Users\rehan\Documents\projects\Hyperion\engine\src\render\display_list.cpp(29,26): warning C4244: '=': conversion fr om 'double' to 'float', possible loss of data [C:\Users\rehan\Documents\projects\Hyperion\build\engine\hre.vcxproj]     C:\Users\rehan\Documents\projects\Hyperion\engine\src\render\display_list.cpp(30,26): warning C4244: '=': conversion fr om 'double' to 'float', possible loss of data [C:\Users\rehan\Documents\projects\Hyperion\build\engine\hre.vcxproj]     C:\Users\rehan\Documents\projects\Hyperion\engine\src\render\display_list.cpp(33,43): warning C4244: '=': conversion fr om 'const double' to 'float', possible loss of data [C:\Users\rehan\Documents\projects\Hyperion\build\engine\hre.vcxpro j]                                                                                                                      C:\Users\rehan\Documents\projects\Hyperion\engine\src\render\display_list.cpp(34,43): warning C4244: '=': conversion fr om 'const double' to 'float', possible loss of data [C:\Users\rehan\Documents\projects\Hyperion\build\engine\hre.vcxpro j]                                                                                                                      C:\Users\rehan\Documents\projects\Hyperion\engine\src\render\display_list.cpp(35,39): warning C4244: '=': conversion fr om 'const double' to 'float', possible loss of data [C:\Users\rehan\Documents\projects\Hyperion\build\engine\hre.vcxpro j]                                                                                                                      C:\Users\rehan\Documents\projects\Hyperion\engine\src\render\display_list.cpp(42,51): warning C4244: 'argument': conver sion from 'const double' to 'float', possible loss of data [C:\Users\rehan\Documents\projects\Hyperion\build\engine\hre .vcxproj]                                                                                                               C:\Users\rehan\Documents\projects\Hyperion\engine\src\render\display_list.cpp(64,57): warning C4244: 'argument': conver sion from 'const double' to 'float', possible loss of data [C:\Users\rehan\Documents\projects\Hyperion\build\engine\hre .vcxproj]                                                                                                               C:\Users\rehan\Documents\projects\Hyperion\engine\include\hre\render\gpu_texture.hpp(4,1): error C1083: Cannot open inc lude file: 'd3d11_5.h': No such file or directory [C:\Users\rehan\Documents\projects\Hyperion\build\engine\hre.vcxproj]   (compiling source file '../../engine/src/render/gpu_texture.cpp')                                                                                                                                                                             C:\Users\rehan\Documents\projects\Hyperion\engine\src\render\animation_controller.cpp(109,15): warning C4189: 'total_du ration': local variable is initialized but not referenced [C:\Users\rehan\Documents\projects\Hyperion\build\engine\hre. vcxproj]                                                                                                                C:\Users\rehan\Documents\projects\Hyperion\engine\src\render\animation_controller.cpp(190,25): warning C4244: 'return':  conversion from 'double' to 'float', possible loss of data [C:\Users\rehan\Documents\projects\Hyperion\build\engine\hr e.vcxproj]                                                                                                              C:\Users\rehan\Documents\projects\Hyperion\engine\src\render\animation_controller.cpp(199,25): warning C4244: 'return':  conversion from 'double' to 'float', possible loss of data [C:\Users\rehan\Documents\projects\Hyperion\build\engine\hr e.vcxproj]                                                                                                              C:\Users\rehan\Documents\projects\Hyperion\engine\include\hre\threading\thread_pool.hpp(65,39): error C2027: use of und efined type 'std::packaged_task<hre::threading::thread_pool::enqueue::return_type>' [C:\Users\rehan\Documents\projects\ Hyperion\build\engine\hre.vcxproj]                                                                                        (compiling source file '../../engine/src/render/parallel_paint.cpp')                                                        F:\donotdellete\VC\Tools\MSVC\14.51.36231\include\future(1230,7):                                                       see declaration of 'std::packaged_task<hre::threading::thread_pool::enqueue::return_type>'                              C:\Users\rehan\Documents\projects\Hyperion\engine\include\hre\threading\thread_pool.hpp(65,39):                         the template instantiation context (the oldest one first) is                                                                C:\Users\rehan\Documents\projects\Hyperion\engine\src\render\parallel_paint.cpp(27,28):                                 see reference to function template instantiation 'std::future<void> hre::threading::thread_pool::enqueue<hre:   :render::parallel_paint::paint::<lambda_1>,>(F &&)' being compiled                                                              with                                                                                                                    [                                                                                                                           F=hre::render::parallel_paint::paint::<lambda_1>                                                                    ]                                                                                                                                                                                                                                     C:\Users\rehan\Documents\projects\Hyperion\engine\include\hre\threading\thread_pool.hpp(65,45): error C2039: 'get_futur e': is not a member of 'std::shared_ptr<std::packaged_task<hre::threading::thread_pool::enqueue::return_type>>' [C:\Use rs\rehan\Documents\projects\Hyperion\build\engine\hre.vcxproj]                                                            (compiling source file '../../engine/src/render/parallel_paint.cpp')                                                        F:\donotdellete\VC\Tools\MSVC\14.51.36231\include\memory(1588,7):                                                       see declaration of 'std::shared_ptr<std::packaged_task<hre::threading::thread_pool::enqueue::return_type>>'                                                                                                                               C:\Users\rehan\Documents\projects\Hyperion\engine\include\hre\threading\thread_pool.hpp(73,37): error C2064: term does  not evaluate to a function taking 0 arguments [C:\Users\rehan\Documents\projects\Hyperion\build\engine\hre.vcxproj]       (compiling source file '../../engine/src/render/parallel_paint.cpp')                                                                                                                                                                                                                                                                                                  C:\Users\rehan\Documents\projects\Hyperion> 